{"synthetic": false,
 "schemaVersion": "2025-09-10",
 "outputs":
 {"o": ["fd7614f2784c8ab0.olean"],
  "i": "c2e667f9d6d88396.ilean",
  "c": "6165290a39b01e2b.c"},
 "log":
 [{"message":
   ".> LEAN_PATH=/Users/harshwork/code/thecentralhub/lean_learning/http-client/.lake/build/lib/lean:/Users/harshwork/code/thecentralhub/lean_learning/ai-sdk/.lake/build/lib/lean:/Users/harshwork/code/thecentralhub/lean_learning/cli-ai/.lake/build/lib/lean /Users/harshwork/.elan/toolchains/leanprover--lean4---v4.25.2/bin/lean -DautoImplicit=false /Users/harshwork/code/thecentralhub/lean_learning/ai-sdk/AiSdk/Providers/Xai.lean -o /Users/harshwork/code/thecentralhub/lean_learning/ai-sdk/.lake/build/lib/lean/AiSdk/Providers/Xai.olean -i /Users/harshwork/code/thecentralhub/lean_learning/ai-sdk/.lake/build/lib/lean/AiSdk/Providers/Xai.ilean -c /Users/harshwork/code/thecentralhub/lean_learning/ai-sdk/.lake/build/ir/AiSdk/Providers/Xai.c --setup /Users/harshwork/code/thecentralhub/lean_learning/ai-sdk/.lake/build/ir/AiSdk/Providers/Xai.setup.json --json",
   "level": "trace"}],
 "inputs":
 [["AiSdk.Providers.Xai:deps",
   [["deps",
     [["«ai-sdk»/AiSdk:extraDep", [["@«ai-sdk»:extraDep", "00000000000006bb"]]],
      ["imports",
       [["AiSdk.Types transitive imports (legacy)", "00000000000006bb"],
        ["AiSdk.Types:importAllArts", "3c87f87aafc53aee"],
        ["AiSdk.Json transitive imports (legacy)", "00000000000006bb"],
        ["AiSdk.Json:importAllArts", "f7875b9de398ba22"],
        ["AiSdk.Provider transitive imports (legacy)", "613db95323ccf88e"],
        ["AiSdk.Provider:importAllArts", "8a91f276bd42a3f9"],
        ["AiSdk.Config transitive imports (legacy)", "613db95323ccf88e"],
        ["AiSdk.Config:importAllArts", "89142aec252df3e0"],
        ["HttpClient transitive imports (legacy)", "ecc9a33992ea3a47"],
        ["HttpClient:importAllArts", "bbd3d9c2a609eebf"]]]]],
    ["libs",
     [["import dynlibs", "00000000000006bb"],
      ["package external libraries", "00000000000006bb"],
      ["module dynlibs", "00000000000006bb"],
      ["module plugins", "00000000000006bb"]]]]],
  ["Lean 4.25.2, commit b86e2e5824bcdbfa0e8d02dd97b4c48792a385d1",
   "d946543e806d8350"],
  ["/Users/harshwork/code/thecentralhub/lean_learning/ai-sdk/AiSdk/Providers/Xai.lean",
   "fdabada83d08e047"],
  ["options", "00000000000006bb"],
  ["Module.leanArgs: #[-DautoImplicit=false]", "83bf8aa7a6e9844b"]],
 "depHash": "5eab024ad9d5a9db"}