{"synthetic": false,
 "schemaVersion": "2025-09-10",
 "outputs":
 {"o": ["be84ecb67aa6102b.olean"],
  "i": "1237d4dec1f1bfdc.ilean",
  "c": "6b5a46b3655ae633.c"},
 "log":
 [{"message":
   ".> LEAN_PATH=/Users/harshwork/code/thecentralhub/lean_learning/http-client/.lake/build/lib/lean:/Users/harshwork/code/thecentralhub/lean_learning/ai-sdk/.lake/build/lib/lean:/Users/harshwork/code/thecentralhub/lean_learning/cli-ai/.lake/build/lib/lean /Users/harshwork/.elan/toolchains/leanprover--lean4---v4.25.2/bin/lean -DautoImplicit=false /Users/harshwork/code/thecentralhub/lean_learning/ai-sdk/AiSdk/Models.lean -o /Users/harshwork/code/thecentralhub/lean_learning/ai-sdk/.lake/build/lib/lean/AiSdk/Models.olean -i /Users/harshwork/code/thecentralhub/lean_learning/ai-sdk/.lake/build/lib/lean/AiSdk/Models.ilean -c /Users/harshwork/code/thecentralhub/lean_learning/ai-sdk/.lake/build/ir/AiSdk/Models.c --setup /Users/harshwork/code/thecentralhub/lean_learning/ai-sdk/.lake/build/ir/AiSdk/Models.setup.json --json",
   "level": "trace"}],
 "inputs":
 [["AiSdk.Models:deps",
   [["deps",
     [["«ai-sdk»/AiSdk:extraDep", [["@«ai-sdk»:extraDep", "00000000000006bb"]]],
      ["imports", "00000000000006bb"]]],
    ["libs",
     [["import dynlibs", "00000000000006bb"],
      ["package external libraries", "00000000000006bb"],
      ["module dynlibs", "00000000000006bb"],
      ["module plugins", "00000000000006bb"]]]]],
  ["Lean 4.25.2, commit b86e2e5824bcdbfa0e8d02dd97b4c48792a385d1",
   "d946543e806d8350"],
  ["/Users/harshwork/code/thecentralhub/lean_learning/ai-sdk/AiSdk/Models.lean",
   "16d4b415ea869015"],
  ["options", "00000000000006bb"],
  ["Module.leanArgs: #[-DautoImplicit=false]", "83bf8aa7a6e9844b"]],
 "depHash": "15ee5b7f4230c2b4"}