{"synthetic": false,
 "schemaVersion": "2025-09-10",
 "outputs":
 {"o": ["e0bbd9f5e1d575c0.olean"],
  "i": "bee882b9d0e7f213.ilean",
  "c": "323a9eaf8095e172.c"},
 "log":
 [{"message":
   ".> LEAN_PATH=/Users/harshwork/code/thecentralhub/lean_learning/http-client/.lake/build/lib/lean:/Users/harshwork/code/thecentralhub/lean_learning/ai-sdk/.lake/build/lib/lean /Users/harshwork/.elan/toolchains/leanprover--lean4---v4.25.2/bin/lean -DautoImplicit=false /Users/harshwork/code/thecentralhub/lean_learning/ai-sdk/AiSdk/Provider.lean -o /Users/harshwork/code/thecentralhub/lean_learning/ai-sdk/.lake/build/lib/lean/AiSdk/Provider.olean -i /Users/harshwork/code/thecentralhub/lean_learning/ai-sdk/.lake/build/lib/lean/AiSdk/Provider.ilean -c /Users/harshwork/code/thecentralhub/lean_learning/ai-sdk/.lake/build/ir/AiSdk/Provider.c --setup /Users/harshwork/code/thecentralhub/lean_learning/ai-sdk/.lake/build/ir/AiSdk/Provider.setup.json --json",
   "level": "trace"}],
 "inputs":
 [["AiSdk.Provider:deps",
   [["deps",
     [["«ai-sdk»/AiSdk:extraDep", [["@«ai-sdk»:extraDep", "00000000000006bb"]]],
      ["imports",
       [["AiSdk.Types transitive imports (legacy)", "00000000000006bb"],
        ["AiSdk.Types:importAllArts", "3c87f87aafc53aee"]]]]],
    ["libs",
     [["import dynlibs", "00000000000006bb"],
      ["package external libraries", "00000000000006bb"],
      ["module dynlibs", "00000000000006bb"],
      ["module plugins", "00000000000006bb"]]]]],
  ["Lean 4.25.2, commit b86e2e5824bcdbfa0e8d02dd97b4c48792a385d1",
   "d946543e806d8350"],
  ["/Users/harshwork/code/thecentralhub/lean_learning/ai-sdk/AiSdk/Provider.lean",
   "c2f5930503f14ac1"],
  ["options", "00000000000006bb"],
  ["Module.leanArgs: #[-DautoImplicit=false]", "83bf8aa7a6e9844b"]],
 "depHash": "6aee9c2f8111eb78"}