{"synthetic": false,
 "schemaVersion": "2025-09-10",
 "outputs":
 {"o": ["cb67a94decb2e6a0.olean"],
  "i": "8291ed536820f551.ilean",
  "c": "1b646c32aed8823b.c"},
 "log":
 [{"message":
   ".> LEAN_PATH=/Users/harshwork/code/thecentralhub/lean_learning/http-client/.lake/build/lib/lean:/Users/harshwork/code/thecentralhub/lean_learning/ai-sdk/.lake/build/lib/lean /Users/harshwork/.elan/toolchains/leanprover--lean4---v4.25.2/bin/lean -DautoImplicit=false /Users/harshwork/code/thecentralhub/lean_learning/ai-sdk/AiSdk/Types.lean -o /Users/harshwork/code/thecentralhub/lean_learning/ai-sdk/.lake/build/lib/lean/AiSdk/Types.olean -i /Users/harshwork/code/thecentralhub/lean_learning/ai-sdk/.lake/build/lib/lean/AiSdk/Types.ilean -c /Users/harshwork/code/thecentralhub/lean_learning/ai-sdk/.lake/build/ir/AiSdk/Types.c --setup /Users/harshwork/code/thecentralhub/lean_learning/ai-sdk/.lake/build/ir/AiSdk/Types.setup.json --json",
   "level": "trace"}],
 "inputs":
 [["AiSdk.Types:deps",
   [["deps",
     [["«ai-sdk»/AiSdk:extraDep", [["@«ai-sdk»:extraDep", "00000000000006bb"]]],
      ["imports", "00000000000006bb"]]],
    ["libs",
     [["import dynlibs", "00000000000006bb"],
      ["package external libraries", "00000000000006bb"],
      ["module dynlibs", "00000000000006bb"],
      ["module plugins", "00000000000006bb"]]]]],
  ["Lean 4.25.2, commit b86e2e5824bcdbfa0e8d02dd97b4c48792a385d1",
   "d946543e806d8350"],
  ["/Users/harshwork/code/thecentralhub/lean_learning/ai-sdk/AiSdk/Types.lean",
   "abff99682ea7fb52"],
  ["options", "00000000000006bb"],
  ["Module.leanArgs: #[-DautoImplicit=false]", "83bf8aa7a6e9844b"]],
 "depHash": "8c192e1a73a60f52"}